MPLINK 4.45, Linker
Linker Map File - Created Sun Jun 09 14:07:07 2013

                                 Section Info
                  Section       Type    Address   Location Size(Bytes)
                ---------  ---------  ---------  ---------  ---------
                   .org_0       code   0x000000    program   0x000034
                   .cinit    romdata   0x00001a    program   0x000004
.config_0FFF_D-20_V-2.0_E-2.O       code   0x000fff    program   0x000002



                              Program Memory Usage 
                               Start         End      
                           ---------   ---------      
                            0x000000    0x00001b      
                            0x000fff    0x000fff      
            29 out of 261 program addresses used, program memory utilization is 11%



                              Symbols - Sorted by Name
                     Name    Address   Location    Storage File                     
                ---------  ---------  ---------  --------- ---------                
                     DLP1   0x00000f    program     static C:\WORKS\WS\WS_MPLAB\D-20\D-20_v-2.0_e-2\D-20_v-2.0_e-2.asm
                     DLP2   0x000011    program     static C:\WORKS\WS\WS_MPLAB\D-20\D-20_v-2.0_e-2\D-20_v-2.0_e-2.asm
                  DLY_100   0x00000d    program     static C:\WORKS\WS\WS_MPLAB\D-20\D-20_v-2.0_e-2\D-20_v-2.0_e-2.asm
                    DLY_S   0x00000b    program     static C:\WORKS\WS\WS_MPLAB\D-20\D-20_v-2.0_e-2\D-20_v-2.0_e-2.asm
                     main   0x000000    program     static C:\WORKS\WS\WS_MPLAB\D-20\D-20_v-2.0_e-2\D-20_v-2.0_e-2.asm
                main_loop   0x000004    program     static C:\WORKS\WS\WS_MPLAB\D-20\D-20_v-2.0_e-2\D-20_v-2.0_e-2.asm



                              Symbols - Sorted by Address
                     Name    Address   Location    Storage File                     
                ---------  ---------  ---------  --------- ---------                
                     main   0x000000    program     static C:\WORKS\WS\WS_MPLAB\D-20\D-20_v-2.0_e-2\D-20_v-2.0_e-2.asm
                main_loop   0x000004    program     static C:\WORKS\WS\WS_MPLAB\D-20\D-20_v-2.0_e-2\D-20_v-2.0_e-2.asm
                    DLY_S   0x00000b    program     static C:\WORKS\WS\WS_MPLAB\D-20\D-20_v-2.0_e-2\D-20_v-2.0_e-2.asm
                  DLY_100   0x00000d    program     static C:\WORKS\WS\WS_MPLAB\D-20\D-20_v-2.0_e-2\D-20_v-2.0_e-2.asm
                     DLP1   0x00000f    program     static C:\WORKS\WS\WS_MPLAB\D-20\D-20_v-2.0_e-2\D-20_v-2.0_e-2.asm
                     DLP2   0x000011    program     static C:\WORKS\WS\WS_MPLAB\D-20\D-20_v-2.0_e-2\D-20_v-2.0_e-2.asm


