MPLINK 4.45, Linker
Linker Map File - Created Sun Jun 09 11:08:18 2013

                                 Section Info
                  Section       Type    Address   Location Size(Bytes)
                ---------  ---------  ---------  ---------  ---------
                   .org_0       code   0x000000    program   0x000030
                   .cinit    romdata   0x000018    program   0x000004
.config_0FFF_P1_CROSSING.O       code   0x000fff    program   0x000002



                              Program Memory Usage 
                               Start         End      
                           ---------   ---------      
                            0x000000    0x000019      
                            0x000fff    0x000fff      
            27 out of 261 program addresses used, program memory utilization is 10%



                              Symbols - Sorted by Name
                     Name    Address   Location    Storage File                     
                ---------  ---------  ---------  --------- ---------                
                     DLP1   0x00000d    program     static C:\WORKS\WS\PIC\P1\P1_Crossing.asm
                     DLP2   0x00000f    program     static C:\WORKS\WS\PIC\P1\P1_Crossing.asm
                  DLY_100   0x00000b    program     static C:\WORKS\WS\PIC\P1\P1_Crossing.asm
                    DLY_S   0x000009    program     static C:\WORKS\WS\PIC\P1\P1_Crossing.asm
                     main   0x000000    program     static C:\WORKS\WS\PIC\P1\P1_Crossing.asm
                main_loop   0x000004    program     static C:\WORKS\WS\PIC\P1\P1_Crossing.asm



                              Symbols - Sorted by Address
                     Name    Address   Location    Storage File                     
                ---------  ---------  ---------  --------- ---------                
                     main   0x000000    program     static C:\WORKS\WS\PIC\P1\P1_Crossing.asm
                main_loop   0x000004    program     static C:\WORKS\WS\PIC\P1\P1_Crossing.asm
                    DLY_S   0x000009    program     static C:\WORKS\WS\PIC\P1\P1_Crossing.asm
                  DLY_100   0x00000b    program     static C:\WORKS\WS\PIC\P1\P1_Crossing.asm
                     DLP1   0x00000d    program     static C:\WORKS\WS\PIC\P1\P1_Crossing.asm
                     DLP2   0x00000f    program     static C:\WORKS\WS\PIC\P1\P1_Crossing.asm


